[    1272ms] [ERROR] Warning: Function components cannot be given refs. Attempts to access this ref will fail. Did you mean to use React.forwardRef()?%s%s 

Check the render method of `Primitive.div.SlotClone`. 
    at DialogOverlay (http://localhost:3000/js/main.js:154568:26)
    at http://localhost:3000/js/main.js:189115:17
    at http://localhost:3000/js/main.js:189085:17
    at http://localhost:3000/js/main.js:189044:17
    at http://localhost:3000/js/main.js:188849:24
    at Presence (http://localhost:3000/js/main.js:188887:13)
    at Provider (http://localhost:3000/js/main.js:182605:21)
    at DialogPortal (http://localhost:3000/js/main.js:182787:13)
    at DialogPortal (http://localhost:3000/js/main.js:154540:28)
    at DialogContent (http://localhost:3000/js/main.js:154583:26)
    at Provider (http://localhost:3000/js/main.js:182605:21)
    at Dialog (http://localhost:3000/js/main.js:182739:13)
    at Dialog (http://localhost:3000/js/main.js:154512:22)
    at UserProfilePanel (http://localhost:3000/js/main.js:158211:29)
    at div
    at Home (http://localhost:3000/js/main.js:159107:83)
    at RouteWrapper (http://localhost:3000/js/main.js:174805:13)
    at Component (http://localhost:3000/js/main.js:154140:101)
    at RenderedRoute (http://localhost:3000/js/main.js:142877:11)
    at RenderErrorBoundary (http://localhost:3000/js/main.js:142828:9)
    at DataRoutes (http://localhost:3000/js/main.js:141662:11)
    at Router (http://localhost:3000/js/main.js:143406:21)
    at RouterProvider (http://localhost:3000/js/main.js:141439:11)
    at App (http://localhost:3000/js/main.js:174349:16)
    at ClientRouter (http://localhost:3000/js/main.js:174467:13) @ http://localhost:3000/js/main.js:118797
[    1289ms] [WARNING] Warning: Missing `Description` or `aria-describedby={undefined}` for {DialogContent}. @ http://localhost:3000/js/main.js:183021
