[   70116ms] [ERROR] Warning: Function components cannot be given refs. Attempts to access this ref will fail. Did you mean to use React.forwardRef()?%s%s 

Check the render method of `Primitive.div.SlotClone`. 
    at DialogOverlay (http://localhost:3000/js/main.js:156347:26)
    at http://localhost:3000/js/main.js:225664:17
    at http://localhost:3000/js/main.js:225634:17
    at http://localhost:3000/js/main.js:225593:17
    at http://localhost:3000/js/main.js:225398:24
    at Presence (http://localhost:3000/js/main.js:225436:13)
    at Provider (http://localhost:3000/js/main.js:219154:21)
    at DialogPortal (http://localhost:3000/js/main.js:219336:13)
    at DialogPortal (http://localhost:3000/js/main.js:156319:28)
    at DialogContent (http://localhost:3000/js/main.js:156362:26)
    at Provider (http://localhost:3000/js/main.js:219154:21)
    at Dialog (http://localhost:3000/js/main.js:219288:13)
    at Dialog (http://localhost:3000/js/main.js:156291:22)
    at BatchImportModal (http://localhost:3000/js/main.js:161528:29)
    at Home (http://localhost:3000/js/main.js:192602:83)
    at RouteWrapper (http://localhost:3000/js/main.js:211354:13)
    at Component (http://localhost:3000/js/main.js:155884:101)
    at RenderedRoute (http://localhost:3000/js/main.js:142877:11)
    at RenderErrorBoundary (http://localhost:3000/js/main.js:142828:9)
    at DataRoutes (http://localhost:3000/js/main.js:141662:11)
    at Router (http://localhost:3000/js/main.js:143406:21)
    at RouterProvider (http://localhost:3000/js/main.js:141439:11)
    at App (http://localhost:3000/js/main.js:210898:16)
    at ClientRouter (http://localhost:3000/js/main.js:211016:13) @ http://localhost:3000/js/main.js:118797
