[   77813ms] [ERROR] Warning: Function components cannot be given refs. Attempts to access this ref will fail. Did you mean to use React.forwardRef()?%s%s 

Check the render method of `Primitive.div.SlotClone`. 
    at DialogOverlay (http://localhost:3000/js/main.js:156310:26)
    at http://localhost:3000/js/main.js:224531:17
    at http://localhost:3000/js/main.js:224501:17
    at http://localhost:3000/js/main.js:224460:17
    at http://localhost:3000/js/main.js:224265:24
    at Presence (http://localhost:3000/js/main.js:224303:13)
    at Provider (http://localhost:3000/js/main.js:218021:21)
    at DialogPortal (http://localhost:3000/js/main.js:218203:13)
    at DialogPortal (http://localhost:3000/js/main.js:156282:28)
    at DialogContent (http://localhost:3000/js/main.js:156325:26)
    at Provider (http://localhost:3000/js/main.js:218021:21)
    at Dialog (http://localhost:3000/js/main.js:218155:13)
    at Dialog (http://localhost:3000/js/main.js:156254:22)
    at SettingsPanel (http://localhost:3000/js/main.js:179469:26)
    at Home (http://localhost:3000/js/main.js:191620:83)
    at RouteWrapper (http://localhost:3000/js/main.js:210221:13)
    at Component (http://localhost:3000/js/main.js:155847:101)
    at RenderedRoute (http://localhost:3000/js/main.js:142877:11)
    at RenderErrorBoundary (http://localhost:3000/js/main.js:142828:9)
    at DataRoutes (http://localhost:3000/js/main.js:141662:11)
    at Router (http://localhost:3000/js/main.js:143406:21)
    at RouterProvider (http://localhost:3000/js/main.js:141439:11)
    at App (http://localhost:3000/js/main.js:209765:16)
    at ClientRouter (http://localhost:3000/js/main.js:209883:13) @ http://localhost:3000/js/main.js:118797
